// Jest Snapshot v1, https://goo.gl/fbAQLP

exports[`Pruebas en GifItem.jsx Debe hacer match con el snapshot 1`] = `
<div>
  <div
    class="card"
  >
    <img
      alt="Sebas"
      src="https://sebas.com/sebas.jpg"
    />
    <p>
      Sebas
    </p>
  </div>
</div>
`;
